[batch] group=farmacia | total=363 | já feitos=0 | pendentes=363 | workers=3
[batch] Warm-up iFood home...
[batch] warm-up OK | cf_clearance: ✅ | _px3: ✅
[batch] 3 workers (abas) prontos

  [W3][PX] PX: outro worker resolvendo — aguardando cookie...
  [W2][PX] PX: outro worker resolvendo — aguardando cookie...
  [W1][PX] PX challenge: hold 12000ms em (684, 461) [tentativa 1/3]
  [W1][PX] PX: mouse.up
  [W1][PX] PX: resolvido (botão removido)
  [W3][PX] PX: cookie atualizado pelo outro worker, tentando fetch direto
  [W2][PX] PX: cookie atualizado pelo outro worker, tentando fetch direto
[W1][rodada-1 3/363] ❌                                  | status=403
  [W1][PX] PX challenge: hold 12000ms em (684, 461) [tentativa 1/3]
[W3][rodada-1 4/363] ❌                                  | status=403
[W2][rodada-1 4/363] ❌                                  | status=403
  [W3][PX] PX: outro worker resolvendo — aguardando cookie...
  [W2][PX] PX: outro worker resolvendo — aguardando cookie...
  [W1][PX] PX: mouse.up
  [W1][PX] PX: resolvido (botão removido)
  [W3][PX] PX: cookie atualizado pelo outro worker, tentando fetch direto
  [W2][PX] PX: cookie atualizado pelo outro worker, tentando fetch direto
[W3][rodada-1 6/363] ✅                                  | R$ 161.32
[W3][rodada-1 7/363] ✅                                  | R$ 52.99
  [W3][PX] PX challenge: hold 12000ms em (684, 461) [tentativa 1/3]
[W1][rodada-1 8/363] ❌                                  | status=403
  [W1][PX] PX: outro worker resolvendo — aguardando cookie...
[W2][rodada-1 9/363] ❌                                  | status=200
  [W2][PX] PX: outro worker resolvendo — aguardando cookie...
  [W3][PX] PX: mouse.up
  [W3][PX] PX: resolvido (botão removido)
  [W1][PX] PX: cookie atualizado pelo outro worker, tentando fetch direto
  [W2][PX] PX: cookie atualizado pelo outro worker, tentando fetch direto
[W3][rodada-1 10/363] ✅                                  | R$ 25.39
[W1][rodada-1 10/363] ✅                                  | R$ 43.79
[W3][rodada-1 12/363] ❌                                  | status=200
[W1][rodada-1 12/363] ✅                                  | R$ 99.99
  [W3][PX] PX: outro worker resolvendo — aguardando cookie...
  [W1][PX] PX challenge: hold 12000ms em (684, 461) [tentativa 1/3]
[W2][rodada-1 14/363] ❌                                  | status=200
  [W2][PX] PX: outro worker resolvendo — aguardando cookie...
  [W1][PX] PX: mouse.up
  [W1][PX] PX: resolvido (botão removido)
  [W3][PX] PX: cookie atualizado pelo outro worker, tentando fetch direto
  [W2][PX] PX: cookie atualizado pelo outro worker, tentando fetch direto
[W3][rodada-1 15/363] ✅                                  | R$ 7.19
[W2][rodada-1 15/363] ✅                                  | R$ 21.90
[W3][rodada-1 17/363] ❌                                  | status=200
[W1][rodada-1 17/363] ❌                                  | status=200
  [W3][PX] PX: outro worker resolvendo — aguardando cookie...
  [W1][PX] PX: outro worker resolvendo — aguardando cookie...
  [W2][PX] PX challenge: hold 12000ms em (684, 461) [tentativa 1/3]
  [W2][PX] PX: mouse.up
  [W2][PX] PX: resolvido (botão removido)
  [W3][PX] PX: cookie atualizado pelo outro worker, tentando fetch direto
  [W1][PX] PX: cookie atualizado pelo outro worker, tentando fetch direto
[W1][rodada-1 19/363] ✅                                  | R$ 28.79
[W1][rodada-1 20/363] ❌                                  | status=200
[W1][rodada-1 21/363] ✅                                  | R$ 88.99
  [W1][PX] PX challenge: hold 12000ms em (684, 461) [tentativa 1/3]
[W2][rodada-1 22/363] ❌                                  | status=200
  [W2][PX] PX: outro worker resolvendo — aguardando cookie...
[W3][rodada-1 23/363] ❌                                  | status=200
  [W3][PX] PX: outro worker resolvendo — aguardando cookie...
  [W1][PX] PX: mouse.up
  [W1][PX] PX: resolvido (botão removido)
  [W2][PX] PX: cookie atualizado pelo outro worker, tentando fetch direto
  [W3][PX] PX: cookie atualizado pelo outro worker, tentando fetch direto
[W1][rodada-1 24/363] ✅                                  | R$ 71.99
[W3][rodada-1 24/363] ✅                                  | R$ 38.24
[W2][rodada-1 24/363] ✅                                  | R$ 88.99
  [W2][PX] PX: outro worker resolvendo — aguardando cookie...
  [W1][PX] PX: outro worker resolvendo — aguardando cookie...
  [W3][PX] PX challenge: hold 12000ms em (684, 461) [tentativa 1/3]
  [W3][PX] PX: mouse.up
  [W3][PX] PX: resolvido (botão removido)
  [W2][PX] PX: cookie atualizado pelo outro worker, tentando fetch direto
  [W1][PX] PX: cookie atualizado pelo outro worker, tentando fetch direto
[W3][rodada-1 27/363] ✅                                  | R$ 14.59
[W3][rodada-1 28/363] ❌                                  | status=200
  [W3][PX] PX challenge: hold 12000ms em (684, 461) [tentativa 1/3]
[W2][rodada-1 29/363] ❌                                  | status=200
[W1][rodada-1 29/363] ❌                                  | status=200
  [W2][PX] PX: outro worker resolvendo — aguardando cookie...
  [W1][PX] PX: outro worker resolvendo — aguardando cookie...
  [W3][PX] PX: mouse.up
  [W3][PX] PX: resolvido (botão removido)
  [W2][PX] PX: cookie atualizado pelo outro worker, tentando fetch direto
  [W1][PX] PX: cookie atualizado pelo outro worker, tentando fetch direto
[W3][rodada-1 31/363] ❌                                  | status=403
  [W3][PX] PX challenge: hold 12000ms em (684, 461) [tentativa 1/3]
[W2][rodada-1 32/363] ❌                                  | status=403
[W1][rodada-1 32/363] ❌                                  | status=403
  [W2][PX] PX: outro worker resolvendo — aguardando cookie...
  [W1][PX] PX: outro worker resolvendo — aguardando cookie...
  [W3][PX] PX: mouse.up
  [W3][PX] PX: resolvido (botão removido)
  [W2][PX] PX: cookie atualizado pelo outro worker, tentando fetch direto
  [W1][PX] PX: cookie atualizado pelo outro worker, tentando fetch direto
[W3][rodada-1 34/363] ❌                                  | status=403
  [W3][PX] PX challenge: hold 12000ms em (684, 461) [tentativa 1/3]
[W2][rodada-1 35/363] ❌                                  | status=403
[W1][rodada-1 35/363] ❌                                  | status=403
  [W2][PX] PX: outro worker resolvendo — aguardando cookie...
  [W1][PX] PX: outro worker resolvendo — aguardando cookie...
  [W3][PX] PX: mouse.up
  [W3][PX] PX: resolvido (botão removido)
  [W2][PX] PX: cookie atualizado pelo outro worker, tentando fetch direto
  [W1][PX] PX: cookie atualizado pelo outro worker, tentando fetch direto
[W3][rodada-1 37/363] ❌                                  | status=200
  [W3][PX] PX challenge: hold 12000ms em (684, 461) [tentativa 1/3]
[W2][rodada-1 38/363] ❌                                  | status=200
[W1][rodada-1 38/363] ❌                                  | status=200
  [W2][PX] PX: outro worker resolvendo — aguardando cookie...
  [W1][PX] PX: outro worker resolvendo — aguardando cookie...
  [W3][PX] PX: mouse.up
  [W3][PX] PX: resolvido (botão removido)
  [W2][PX] PX: cookie atualizado pelo outro worker, tentando fetch direto
  [W1][PX] PX: cookie atualizado pelo outro worker, tentando fetch direto
[W3][rodada-1 40/363] ✅                                  | R$ 26.99
[W2][rodada-1 40/363] ✅                                  | R$ 19.99
[W3][rodada-1 42/363] ❌                                  | status=200
[W2][rodada-1 42/363] ✅                                  | R$ 102.99
[W3][rodada-1 44/363] ❌                                  | status=200
  [W3][PX] PX: outro worker resolvendo — aguardando cookie...
  [W2][PX] PX challenge: hold 12000ms em (684, 461) [tentativa 1/3]
[W1][rodada-1 45/363] ❌                                  | status=200
  [W1][PX] PX: outro worker resolvendo — aguardando cookie...
  [W2][PX] PX: mouse.up
  [W2][PX] PX: resolvido (botão removido)
  [W3][PX] PX: cookie atualizado pelo outro worker, tentando fetch direto
  [W1][PX] PX: cookie atualizado pelo outro worker, tentando fetch direto
[W3][rodada-1 46/363] ✅                                  | R$ 26.99
[W2][rodada-1 46/363] ✅                                  | R$ 30.99
[W3][rodada-1 48/363] ✅                                  | R$ 18.99
[W2][rodada-1 48/363] ✅                                  | R$ 99.99
[W3][rodada-1 50/363] ✅                                  | R$ 39.99
[W2][rodada-1 50/363] ✅                                  | R$ 102.99
  [W3][PX] PX: outro worker resolvendo — aguardando cookie...
  [W2][PX] PX challenge: hold 12000ms em (684, 461) [tentativa 1/3]
[W1][rodada-1 52/363] ❌                                  | status=200
  [W1][PX] PX: outro worker resolvendo — aguardando cookie...
  [W2][PX] PX: mouse.up
  [W2][PX] PX: resolvido (botão removido)
  [W3][PX] PX: cookie atualizado pelo outro worker, tentando fetch direto
  [W1][PX] PX: cookie atualizado pelo outro worker, tentando fetch direto
[W1][rodada-1 53/363] ✅                                  | R$ 14.59
[W3][rodada-1 53/363] ✅                                  | R$ 19.87
[W2][rodada-1 53/363] ✅                                  | R$ 18.04
[W2][rodada-1 56/363] ✅                                  | R$ 95.97
[W3][rodada-1 56/363] ❌                                  | status=200
[W1][rodada-1 56/363] ✅                                  | R$ 40.99
  [W1][PX] PX: outro worker resolvendo — aguardando cookie...
  [W3][PX] PX: outro worker resolvendo — aguardando cookie...
  [W2][PX] PX challenge: hold 12000ms em (684, 461) [tentativa 1/3]
  [W2][PX] PX: mouse.up
  [W2][PX] PX: resolvido (botão removido)
  [W1][PX] PX: cookie atualizado pelo outro worker, tentando fetch direto
  [W3][PX] PX: cookie atualizado pelo outro worker, tentando fetch direto
[W2][rodada-1 59/363] ❌                                  | status=403
  [W2][PX] PX challenge: hold 12000ms em (684, 461) [tentativa 1/3]
[W3][rodada-1 60/363] ❌                                  | status=403
[W1][rodada-1 60/363] ❌                                  | status=403
  [W1][PX] PX: outro worker resolvendo — aguardando cookie...
  [W3][PX] PX: outro worker resolvendo — aguardando cookie...
  [W2][PX] PX: mouse.up
  [W2][PX] PX: resolvido (botão removido)
  [W1][PX] PX: cookie atualizado pelo outro worker, tentando fetch direto
  [W3][PX] PX: cookie atualizado pelo outro worker, tentando fetch direto
[W3][rodada-1 62/363] ✅                                  | R$ 15.99
  [W3][PX] PX challenge: hold 12000ms em (684, 461) [tentativa 1/3]
[W2][rodada-1 63/363] ❌                                  | status=403
  [W2][PX] PX: outro worker resolvendo — aguardando cookie...
[W1][rodada-1 64/363] ❌                                  | status=200
  [W1][PX] PX: outro worker resolvendo — aguardando cookie...
  [W3][PX] PX: mouse.up
  [W3][PX] PX: resolvido (botão removido)
  [W2][PX] PX: cookie atualizado pelo outro worker, tentando fetch direto
  [W1][PX] PX: cookie atualizado pelo outro worker, tentando fetch direto
[W1][rodada-1 65/363] ✅                                  | R$ 84.99
[W2][rodada-1 66/363] ❌                                  | status=200
[W1][rodada-1 67/363] ✅                                  | R$ 37.69
[W2][rodada-1 68/363] ✅                                  | R$ 27.99
  [W2][PX] PX: outro worker resolvendo — aguardando cookie...
  [W1][PX] PX challenge: hold 12000ms em (684, 461) [tentativa 1/3]
[W3][rodada-1 69/363] ❌                                  | status=200
  [W3][PX] PX: outro worker resolvendo — aguardando cookie...
  [W1][PX] PX: mouse.up
  [W1][PX] PX: resolvido (botão removido)
  [W2][PX] PX: cookie atualizado pelo outro worker, tentando fetch direto
  [W3][PX] PX: cookie atualizado pelo outro worker, tentando fetch direto
[W2][rodada-1 70/363] ✅                                  | R$ 107.99
[W3][rodada-1 70/363] ✅                                  | R$ 27.09
[W1][rodada-1 70/363] ✅                                  | R$ 66.55
[W2][rodada-1 73/363] ✅                                  | R$ 61.99
[W3][rodada-1 73/363] ✅                                  | R$ 75.90
[W1][rodada-1 75/363] ✅                                  | R$ 45.59
  [W3][PX] PX: outro worker resolvendo — aguardando cookie...
  [W1][PX] PX: outro worker resolvendo — aguardando cookie...
  [W2][PX] PX challenge: hold 12000ms em (684, 461) [tentativa 1/3]
  [W2][PX] PX: mouse.up
  [W2][PX] PX: resolvido (botão removido)
  [W3][PX] PX: cookie atualizado pelo outro worker, tentando fetch direto
  [W1][PX] PX: cookie atualizado pelo outro worker, tentando fetch direto
[W2][rodada-1 76/363] ❌                                  | status=403
  [W2][PX] PX challenge: hold 12000ms em (684, 461) [tentativa 1/3]
[W3][rodada-1 77/363] ❌                                  | status=403
[W1][rodada-1 77/363] ❌                                  | status=403
  [W3][PX] PX: outro worker resolvendo — aguardando cookie...
  [W1][PX] PX: outro worker resolvendo — aguardando cookie...
  [W2][PX] PX: mouse.up
  [W2][PX] PX: resolvido (botão removido)
  [W3][PX] PX: cookie atualizado pelo outro worker, tentando fetch direto
  [W1][PX] PX: cookie atualizado pelo outro worker, tentando fetch direto
[W2][rodada-1 79/363] ✅                                  | R$ 36.99
[W2][rodada-1 80/363] ✅                                  | R$ 18.99
[W2][rodada-1 81/363] ✅                                  | R$ 21.99
  [W2][PX] PX challenge: hold 12000ms em (684, 461) [tentativa 1/3]
[W3][rodada-1 82/363] ❌                                  | status=200
[W1][rodada-1 82/363] ❌                                  | status=200
  [W1][PX] PX: outro worker resolvendo — aguardando cookie...
  [W3][PX] PX: outro worker resolvendo — aguardando cookie...
  [W2][PX] PX: mouse.up
  [W2][PX] PX: resolvido (botão removido)
  [W1][PX] PX: cookie atualizado pelo outro worker, tentando fetch direto
  [W3][PX] PX: cookie atualizado pelo outro worker, tentando fetch direto
[W2][rodada-1 84/363] ❌                                  | status=403
  [W2][PX] PX challenge: hold 12000ms em (684, 461) [tentativa 1/3]
[W1][rodada-1 85/363] ❌                                  | status=403
[W3][rodada-1 85/363] ❌                                  | status=403
  [W1][PX] PX: outro worker resolvendo — aguardando cookie...
  [W3][PX] PX: outro worker resolvendo — aguardando cookie...
  [W2][PX] PX: mouse.up
  [W2][PX] PX: resolvido (botão removido)
  [W1][PX] PX: cookie atualizado pelo outro worker, tentando fetch direto
  [W3][PX] PX: cookie atualizado pelo outro worker, tentando fetch direto
[W3][rodada-1 87/363] ✅                                  | R$ 100.89
[W2][rodada-1 87/363] ✅                                  | R$ 31.43
[W2][rodada-1 89/363] ✅                                  | R$ 21.59
[W3][rodada-1 90/363] ✅                                  | R$ 83.59
  [W3][PX] PX: outro worker resolvendo — aguardando cookie...
  [W2][PX] PX challenge: hold 12000ms em (684, 461) [tentativa 1/3]
[W1][rodada-1 91/363] ❌                                  | status=200
  [W1][PX] PX: outro worker resolvendo — aguardando cookie...
  [W2][PX] PX: mouse.up
  [W2][PX] PX: resolvido (botão removido)
  [W3][PX] PX: cookie atualizado pelo outro worker, tentando fetch direto
  [W1][PX] PX: cookie atualizado pelo outro worker, tentando fetch direto
[W1][rodada-1 92/363] ✅                                  | R$ 17.59
[W3][rodada-1 92/363] ✅                                  | R$ 14.93
[W2][rodada-1 92/363] ✅                                  | R$ 19.59
  [W2][PX] PX: outro worker resolvendo — aguardando cookie...
  [W3][PX] PX: outro worker resolvendo — aguardando cookie...
  [W1][PX] PX challenge: hold 12000ms em (684, 461) [tentativa 1/3]
  [W1][PX] PX: mouse.up
  [W1][PX] PX: resolvido (botão removido)
  [W2][PX] PX: cookie atualizado pelo outro worker, tentando fetch direto
  [W3][PX] PX: cookie atualizado pelo outro worker, tentando fetch direto
[W2][rodada-1 95/363] ✅                                  | R$ 18.99
[W1][rodada-1 95/363] ✅                                  | R$ 14.39
[W2][rodada-1 97/363] ✅                                  | R$ 86.99
[W1][rodada-1 98/363] ❌                                  | status=200
[W2][rodada-1 99/363] ❌                                  | status=200
  [W1][PX] PX: outro worker resolvendo — aguardando cookie...
  [W2][PX] PX challenge: hold 12000ms em (684, 461) [tentativa 1/3]
[W3][rodada-1 100/363] ❌                                  | status=200
  [W3][PX] PX: outro worker resolvendo — aguardando cookie...
  [W2][PX] PX: mouse.up
  [W2][PX] PX: resolvido (botão removido)
  [W1][PX] PX: cookie atualizado pelo outro worker, tentando fetch direto
  [W3][PX] PX: cookie atualizado pelo outro worker, tentando fetch direto
[W2][rodada-1 101/363] ❌                                  | status=403
  [W2][PX] PX challenge: hold 12000ms em (684, 461) [tentativa 1/3]
[W3][rodada-1 102/363] ❌                                  | status=403
[W1][rodada-1 102/363] ❌                                  | status=403
  [W3][PX] PX: outro worker resolvendo — aguardando cookie...
  [W1][PX] PX: outro worker resolvendo — aguardando cookie...
  [W2][PX] PX: mouse.up
  [W2][PX] PX: resolvido (botão removido)
  [W3][PX] PX: cookie atualizado pelo outro worker, tentando fetch direto
  [W1][PX] PX: cookie atualizado pelo outro worker, tentando fetch direto
[W2][rodada-1 104/363] ✅                                  | R$ 47.49
[W1][rodada-1 104/363] ✅                                  | R$ 15.34
[W3][rodada-1 106/363] ❌                                  | status=200
[W1][rodada-1 107/363] ❌                                  | status=200
[W2][rodada-1 107/363] ✅                                  | R$ 7.99
[W3][rodada-1 109/363] ✅                                  | R$ 127.99
  [W2][PX] PX: outro worker resolvendo — aguardando cookie...
  [W3][PX] PX: outro worker resolvendo — aguardando cookie...
  [W1][PX] PX challenge: hold 12000ms em (684, 461) [tentativa 1/3]
  [W1][PX] PX: mouse.up
  [W1][PX] PX: resolvido (botão removido)
  [W2][PX] PX: cookie atualizado pelo outro worker, tentando fetch direto
  [W3][PX] PX: cookie atualizado pelo outro worker, tentando fetch direto
[W3][rodada-1 110/363] ✅                                  | R$ 16.59
[W1][rodada-1 110/363] ✅                                  | R$ 7.99
[W2][rodada-1 110/363] ✅                                  | R$ 42.59
[W3][rodada-1 113/363] ✅                                  | R$ 50.69
[W1][rodada-1 114/363] ✅                                  | R$ 22.59
[W2][rodada-1 114/363] ❌                                  | status=200
[W3][rodada-1 114/363] ✅                                  | R$ 25.99
  [W1][PX] PX: outro worker resolvendo — aguardando cookie...
  [W2][PX] PX: outro worker resolvendo — aguardando cookie...
  [W3][PX] PX challenge: hold 12000ms em (684, 461) [tentativa 1/3]
  [W3][PX] PX: mouse.up
  [W3][PX] PX: resolvido (botão removido)
  [W1][PX] PX: cookie atualizado pelo outro worker, tentando fetch direto
  [W2][PX] PX: cookie atualizado pelo outro worker, tentando fetch direto
[W3][rodada-1 117/363] ❌                                  | status=403
  [W3][PX] PX challenge: hold 12000ms em (684, 461) [tentativa 1/3]
[W1][rodada-1 118/363] ❌                                  | status=403
[W2][rodada-1 118/363] ❌                                  | status=403
  [W1][PX] PX: outro worker resolvendo — aguardando cookie...
  [W2][PX] PX: outro worker resolvendo — aguardando cookie...
  [W3][PX] PX: mouse.up
  [W3][PX] PX: resolvido (botão removido)
  [W1][PX] PX: cookie atualizado pelo outro worker, tentando fetch direto
  [W2][PX] PX: cookie atualizado pelo outro worker, tentando fetch direto
[W3][rodada-1 120/363] ✅                                  | R$ 61.59
[W2][rodada-1 120/363] ✅                                  | R$ 17.19
[W1][rodada-1 120/363] ✅                                  | R$ 31.59
[W1][rodada-1 123/363] ❌                                  | status=200
  [W2][PX] PX: outro worker resolvendo — aguardando cookie...
  [W1][PX] PX: outro worker resolvendo — aguardando cookie...
  [W3][PX] PX challenge: hold 12000ms em (684, 461) [tentativa 1/3]
  [W3][PX] PX: mouse.up
  [W3][PX] PX: resolvido (botão removido)
  [W2][PX] PX: cookie atualizado pelo outro worker, tentando fetch direto
  [W1][PX] PX: cookie atualizado pelo outro worker, tentando fetch direto
[W2][rodada-1 124/363] ✅                                  | R$ 124.59
[W1][rodada-1 124/363] ✅                                  | R$ 29.99
[W3][rodada-1 126/363] ❌                                  | status=200
[W1][rodada-1 127/363] ✅                                  | R$ 23.00
[W2][rodada-1 127/363] ❌                                  | status=200
[W3][rodada-1 129/363] ❌                                  | status=200
  [W1][PX] PX: outro worker resolvendo — aguardando cookie...
  [W3][PX] PX: outro worker resolvendo — aguardando cookie...
  [W2][PX] PX challenge: hold 12000ms em (684, 461) [tentativa 1/3]
  [W2][PX] PX: mouse.up
  [W2][PX] PX: resolvido (botão removido)
  [W1][PX] PX: cookie atualizado pelo outro worker, tentando fetch direto
  [W3][PX] PX: cookie atualizado pelo outro worker, tentando fetch direto
[W3][rodada-1 130/363] ✅                                  | R$ 15.49
[W2][rodada-1 130/363] ✅                                  | R$ 97.99
[W2][rodada-1 132/363] ✅                                  | R$ 12.37
[W3][rodada-1 132/363] ✅                                  | R$ 38.87
  [W2][PX] PX: outro worker resolvendo — aguardando cookie...
  [W3][PX] PX challenge: hold 12000ms em (684, 461) [tentativa 1/3]
[W1][rodada-1 134/363] ❌                                  | status=200
  [W1][PX] PX: outro worker resolvendo — aguardando cookie...
  [W3][PX] PX: mouse.up
  [W3][PX] PX: resolvido (botão removido)
  [W2][PX] PX: cookie atualizado pelo outro worker, tentando fetch direto
  [W1][PX] PX: cookie atualizado pelo outro worker, tentando fetch direto
[W2][rodada-1 135/363] ✅                                  | R$ 36.90
[W3][rodada-1 136/363] ❌                                  | status=200
[W2][rodada-1 137/363] ✅                                  | R$ 9.65
[W3][rodada-1 138/363] ❌                                  | status=200
[W2][rodada-1 138/363] ✅                                  | R$ 102.99
  [W2][PX] PX: outro worker resolvendo — aguardando cookie...
  [W3][PX] PX challenge: hold 12000ms em (684, 461) [tentativa 1/3]
[W1][rodada-1 140/363] ❌                                  | status=200
  [W1][PX] PX: outro worker resolvendo — aguardando cookie...
  [W3][PX] PX: mouse.up
  [W3][PX] PX: resolvido (botão removido)
  [W2][PX] PX: cookie atualizado pelo outro worker, tentando fetch direto
  [W1][PX] PX: cookie atualizado pelo outro worker, tentando fetch direto
[W3][rodada-1 141/363] ❌                                  | status=403
  [W3][PX] PX challenge: hold 12000ms em (684, 461) [tentativa 1/3]
[W1][rodada-1 142/363] ❌                                  | status=403
[W2][rodada-1 142/363] ❌                                  | status=403
  [W2][PX] PX: outro worker resolvendo — aguardando cookie...
  [W1][PX] PX: outro worker resolvendo — aguardando cookie...
  [W3][PX] PX: mouse.up
  [W3][PX] PX: resolvido (botão removido)
  [W2][PX] PX: cookie atualizado pelo outro worker, tentando fetch direto
  [W1][PX] PX: cookie atualizado pelo outro worker, tentando fetch direto
[W1][rodada-1 144/363] ✅                                  | R$ 68.59
[W3][rodada-1 144/363] ✅                                  | R$ 24.99
[W3][rodada-1 146/363] ✅                                  | R$ 18.49
  [W3][PX] PX: outro worker resolvendo — aguardando cookie...
  [W1][PX] PX challenge: hold 12000ms em (684, 461) [tentativa 1/3]
[W2][rodada-1 147/363] ❌                                  | status=200
  [W2][PX] PX: outro worker resolvendo — aguardando cookie...
  [W1][PX] PX: mouse.up
  [W1][PX] PX: resolvido (botão removido)
  [W3][PX] PX: cookie atualizado pelo outro worker, tentando fetch direto
  [W2][PX] PX: cookie atualizado pelo outro worker, tentando fetch direto
[W3][rodada-1 148/363] ✅                                  | R$ 22.99
[W1][rodada-1 149/363] ❌                                  | status=200
[W3][rodada-1 150/363] ✅                                  | R$ 76.99
[W3][rodada-1 151/363] ❌                                  | status=200
  [W3][PX] PX: outro worker resolvendo — aguardando cookie...
  [W1][PX] PX challenge: hold 12000ms em (684, 461) [tentativa 1/3]
[W2][rodada-1 152/363] ❌                                  | status=200
  [W2][PX] PX: outro worker resolvendo — aguardando cookie...
  [W1][PX] PX: mouse.up
  [W1][PX] PX: resolvido (botão removido)
  [W3][PX] PX: cookie atualizado pelo outro worker, tentando fetch direto
  [W2][PX] PX: cookie atualizado pelo outro worker, tentando fetch direto
[W1][rodada-1 153/363] ✅                                  | R$ 19.99
[W2][rodada-1 153/363] ✅                                  | R$ 100.89
[W3][rodada-1 153/363] ✅                                  | R$ 13.59
[W3][rodada-1 156/363] ✅                                  | R$ 55.99
  [W2][PX] PX: outro worker resolvendo — aguardando cookie...
  [W3][PX] PX: outro worker resolvendo — aguardando cookie...
  [W1][PX] PX challenge: hold 12000ms em (684, 461) [tentativa 1/3]
  [W1][PX] PX: mouse.up
  [W1][PX] PX: resolvido (botão removido)
  [W2][PX] PX: cookie atualizado pelo outro worker, tentando fetch direto
  [W3][PX] PX: cookie atualizado pelo outro worker, tentando fetch direto
[W1][rodada-1 157/363] ✅                                  | R$ 59.99
[W3][rodada-1 157/363] ✅                                  | R$ 50.58
[W2][rodada-1 157/363] ✅                                  | R$ 16.12
[W1][rodada-1 160/363] ✅                                  | R$ 46.74
[W3][rodada-1 161/363] ✅                                  | R$ 7.99
[W2][rodada-1 161/363] ❌                                  | status=200
  [W1][PX] PX: outro worker resolvendo — aguardando cookie...
  [W2][PX] PX: outro worker resolvendo — aguardando cookie...
  [W3][PX] PX challenge: hold 12000ms em (684, 461) [tentativa 1/3]
  [W3][PX] PX: mouse.up
  [W3][PX] PX: resolvido (botão removido)
  [W1][PX] PX: cookie atualizado pelo outro worker, tentando fetch direto
  [W2][PX] PX: cookie atualizado pelo outro worker, tentando fetch direto
[W3][rodada-1 163/363] ❌                                  | status=403
  [W3][PX] PX challenge: hold 12000ms em (684, 461) [tentativa 1/3]
[W1][rodada-1 164/363] ❌                                  | status=403
[W2][rodada-1 164/363] ❌                                  | status=403
  [W2][PX] PX: outro worker resolvendo — aguardando cookie...
  [W1][PX] PX: outro worker resolvendo — aguardando cookie...
  [W3][PX] PX: mouse.up
  [W3][PX] PX: resolvido (botão removido)
  [W2][PX] PX: cookie atualizado pelo outro worker, tentando fetch direto
  [W1][PX] PX: cookie atualizado pelo outro worker, tentando fetch direto
[W1][rodada-1 166/363] ❌                                  | status=403
  [W1][PX] PX challenge: hold 12000ms em (684, 461) [tentativa 1/3]
[W3][rodada-1 167/363] ❌                                  | status=403
  [W3][PX] PX: outro worker resolvendo — aguardando cookie...
[W2][rodada-1 168/363] ❌                                  | status=403
  [W2][PX] PX: outro worker resolvendo — aguardando cookie...
  [W1][PX] PX: mouse.up
  [W1][PX] PX: resolvido (botão removido)
  [W3][PX] PX: cookie atualizado pelo outro worker, tentando fetch direto
  [W2][PX] PX: cookie atualizado pelo outro worker, tentando fetch direto
[W3][rodada-1 169/363] ❌                                  | status=403
  [W3][PX] PX challenge: hold 12000ms em (684, 461) [tentativa 1/3]
[W1][rodada-1 170/363] ❌                                  | status=403
  [W1][PX] PX: outro worker resolvendo — aguardando cookie...
[W2][rodada-1 171/363] ❌                                  | status=403
  [W2][PX] PX: outro worker resolvendo — aguardando cookie...
  [W3][PX] PX: mouse.up
  [W3][PX] PX: resolvido (botão removido)
  [W1][PX] PX: cookie atualizado pelo outro worker, tentando fetch direto
  [W2][PX] PX: cookie atualizado pelo outro worker, tentando fetch direto
[W1][rodada-1 172/363] ✅                                  | R$ 75.99
[W3][rodada-1 172/363] ✅                                  | R$ 176.99
[W2][rodada-1 172/363] ✅                                  | R$ 84.99
[W3][rodada-1 175/363] ❌                                  | status=200
  [W1][PX] PX: outro worker resolvendo — aguardando cookie...
  [W3][PX] PX: outro worker resolvendo — aguardando cookie...
  [W2][PX] PX challenge: hold 12000ms em (684, 461) [tentativa 1/3]
  [W2][PX] PX: mouse.up
  [W2][PX] PX: resolvido (botão removido)
  [W1][PX] PX: cookie atualizado pelo outro worker, tentando fetch direto
  [W3][PX] PX: cookie atualizado pelo outro worker, tentando fetch direto
[W1][rodada-1 176/363] ✅                                  | R$ 59.99
[W2][rodada-1 176/363] ✅                                  | R$ 39.99
[W1][rodada-1 178/363] ✅                                  | R$ 176.99
[W2][rodada-1 179/363] ✅                                  | R$ 13.99
  [W2][PX] PX: outro worker resolvendo — aguardando cookie...
  [W1][PX] PX challenge: hold 12000ms em (684, 461) [tentativa 1/3]
[W3][rodada-1 180/363] ❌                                  | status=200
  [W3][PX] PX: outro worker resolvendo — aguardando cookie...
  [W1][PX] PX: mouse.up
  [W1][PX] PX: resolvido (botão removido)
  [W2][PX] PX: cookie atualizado pelo outro worker, tentando fetch direto
  [W3][PX] PX: cookie atualizado pelo outro worker, tentando fetch direto
[W3][rodada-1 181/363] ✅                                  | R$ 55.99
[W3][rodada-1 182/363] ❌                                  | status=200
[W3][rodada-1 183/363] ❌                                  | status=200
  [W3][PX] PX challenge: hold 12000ms em (684, 461) [tentativa 1/3]
[W1][rodada-1 184/363] ❌                                  | status=403
  [W1][PX] PX: outro worker resolvendo — aguardando cookie...
[W2][rodada-1 185/363] ❌                                  | status=200
  [W2][PX] PX: outro worker resolvendo — aguardando cookie...
  [W3][PX] PX: mouse.up
  [W3][PX] PX: resolvido (botão removido)
  [W1][PX] PX: cookie atualizado pelo outro worker, tentando fetch direto
  [W2][PX] PX: cookie atualizado pelo outro worker, tentando fetch direto
[W3][rodada-1 186/363] ✅                                  | R$ 31.99
[W1][rodada-1 186/363] ✅                                  | R$ 16.99
[W3][rodada-1 188/363] ✅                                  | R$ 95.97
[W1][rodada-1 188/363] ✅                                  | R$ 35.59
[W3][rodada-1 190/363] ✅                                  | R$ 28.99
  [W3][PX] PX: outro worker resolvendo — aguardando cookie...
  [W1][PX] PX challenge: hold 12000ms em (684, 461) [tentativa 1/3]
[W2][rodada-1 191/363] ❌                                  | status=200
  [W2][PX] PX: outro worker resolvendo — aguardando cookie...
  [W1][PX] PX: mouse.up
  [W1][PX] PX: resolvido (botão removido)
  [W3][PX] PX: cookie atualizado pelo outro worker, tentando fetch direto
  [W2][PX] PX: cookie atualizado pelo outro worker, tentando fetch direto
[W1][rodada-1 192/363] ✅                                  | R$ 69.99
[W3][rodada-1 192/363] ✅                                  | R$ 63.99
[W1][rodada-1 194/363] ✅                                  | R$ 49.99
[W3][rodada-1 194/363] ❌                                  | status=200
[W1][rodada-1 196/363] ✅                                  | R$ 13.99
  [W1][PX] PX: outro worker resolvendo — aguardando cookie...
  [W3][PX] PX challenge: hold 12000ms em (684, 461) [tentativa 1/3]
[W2][rodada-1 197/363] ❌                                  | status=200
  [W2][PX] PX: outro worker resolvendo — aguardando cookie...
  [W3][PX] PX: mouse.up
  [W3][PX] PX: resolvido (botão removido)
  [W1][PX] PX: cookie atualizado pelo outro worker, tentando fetch direto
  [W2][PX] PX: cookie atualizado pelo outro worker, tentando fetch direto
[W3][rodada-1 198/363] ✅                                  | R$ 70.99
[W2][rodada-1 198/363] ✅                                  | R$ 88.99
[W1][rodada-1 198/363] ✅                                  | R$ 301.99
[W3][rodada-1 201/363] ✅                                  | R$ 30.99
[W1][rodada-1 201/363] ✅                                  | R$ 55.99
[W2][rodada-1 201/363] ❌                                  | status=200
  [W3][PX] PX: outro worker resolvendo — aguardando cookie...
  [W1][PX] PX: outro worker resolvendo — aguardando cookie...
  [W2][PX] PX challenge: hold 12000ms em (684, 461) [tentativa 1/3]
  [W2][PX] PX: mouse.up
  [W2][PX] PX: resolvido (botão removido)
  [W3][PX] PX: cookie atualizado pelo outro worker, tentando fetch direto
  [W1][PX] PX: cookie atualizado pelo outro worker, tentando fetch direto
[W1][rodada-1 204/363] ✅                                  | R$ 40.67
[W2][rodada-1 205/363] ❌                                  | status=200
[W1][rodada-1 205/363] ❌                                  | status=200
[W2][rodada-1 207/363] ❌                                  | status=200
  [W2][PX] PX: outro worker resolvendo — aguardando cookie...
  [W1][PX] PX challenge: hold 12000ms em (684, 461) [tentativa 1/3]
[W3][rodada-1 208/363] ❌                                  | status=200
  [W3][PX] PX: outro worker resolvendo — aguardando cookie...
  [W1][PX] PX: mouse.up
  [W1][PX] PX: resolvido (botão removido)
  [W2][PX] PX: cookie atualizado pelo outro worker, tentando fetch direto
  [W3][PX] PX: cookie atualizado pelo outro worker, tentando fetch direto
[W2][rodada-1 209/363] ✅                                  | R$ 31.04
[W3][rodada-1 209/363] ✅                                  | R$ 83.99
[W1][rodada-1 211/363] ❌                                  | status=200
[W3][rodada-1 211/363] ❌                                  | status=200
[W2][rodada-1 212/363] ✅                                  | R$ 32.44
[W3][rodada-1 214/363] ✅                                  | R$ 63.99
  [W2][PX] PX: outro worker resolvendo — aguardando cookie...
  [W3][PX] PX: outro worker resolvendo — aguardando cookie...
  [W1][PX] PX challenge: hold 12000ms em (684, 461) [tentativa 1/3]
  [W1][PX] PX: mouse.up
  [W1][PX] PX: resolvido (botão removido)
  [W2][PX] PX: cookie atualizado pelo outro worker, tentando fetch direto
  [W3][PX] PX: cookie atualizado pelo outro worker, tentando fetch direto
[W3][rodada-1 215/363] ✅                                  | R$ 31.99
[W2][rodada-1 215/363] ✅                                  | R$ 191.99
[W1][rodada-1 217/363] ❌                                  | status=200
[W3][rodada-1 218/363] ✅                                  | R$ 32.06
[W2][rodada-1 218/363] ✅                                  | R$ 34.99
[W1][rodada-1 219/363] ❌                                  | status=200
  [W1][PX] PX: outro worker resolvendo — aguardando cookie...
  [W3][PX] PX: outro worker resolvendo — aguardando cookie...
  [W2][PX] PX challenge: hold 12000ms em (684, 461) [tentativa 1/3]
  [W2][PX] PX: mouse.up
  [W2][PX] PX: resolvido (botão removido)
  [W1][PX] PX: cookie atualizado pelo outro worker, tentando fetch direto
  [W3][PX] PX: cookie atualizado pelo outro worker, tentando fetch direto
[W2][rodada-1 221/363] ✅                                  | R$ 10.19
[W1][rodada-1 221/363] ✅                                  | R$ 15.99
[W3][rodada-1 223/363] ❌                                  | status=200
[W2][rodada-1 224/363] ❌                                  | status=200
[W1][rodada-1 224/363] ✅                                  | R$ 52.59
[W3][rodada-1 225/363] ✅                                  | R$ 55.99
  [W2][PX] PX: outro worker resolvendo — aguardando cookie...
  [W1][PX] PX: outro worker resolvendo — aguardando cookie...
  [W3][PX] PX challenge: hold 12000ms em (684, 461) [tentativa 1/3]
  [W3][PX] PX: mouse.up
  [W3][PX] PX: resolvido (botão removido)
  [W2][PX] PX: cookie atualizado pelo outro worker, tentando fetch direto
  [W1][PX] PX: cookie atualizado pelo outro worker, tentando fetch direto
[W2][rodada-1 227/363] ✅                                  | R$ 18.59
[W1][rodada-1 227/363] ✅                                  | R$ 26.70
[W3][rodada-1 227/363] ✅                                  | R$ 97.99
[W1][rodada-1 230/363] ❌                                  | status=200
[W3][rodada-1 231/363] ✅                                  | R$ 20.59
  [W1][PX] PX: outro worker resolvendo — aguardando cookie...
  [W3][PX] PX: outro worker resolvendo — aguardando cookie...
  [W1][PX] PX: cookie atualizado pelo outro worker, tentando fetch direto
  [W3][PX] PX: cookie atualizado pelo outro worker, tentando fetch direto
[W2][rodada-1 232/363] ❌                                  | status=403
  [W2][PX] PX challenge: hold 12000ms em (684, 461) [tentativa 1/3]
[W3][rodada-1 233/363] ❌                                  | status=403
[W1][rodada-1 233/363] ❌                                  | status=403
  [W1][PX] PX: outro worker resolvendo — aguardando cookie...
  [W3][PX] PX: outro worker resolvendo — aguardando cookie...
  [W2][PX] PX: mouse.up
  [W2][PX] PX: resolvido (botão removido)
  [W1][PX] PX: cookie atualizado pelo outro worker, tentando fetch direto
  [W3][PX] PX: cookie atualizado pelo outro worker, tentando fetch direto
[W2][rodada-1 235/363] ✅                                  | R$ 75.99
[W2][rodada-1 236/363] ✅                                  | R$ 88.99
[W2][rodada-1 237/363] ❌                                  | status=200
  [W2][PX] PX challenge: hold 12000ms em (684, 461) [tentativa 1/3]
[W3][rodada-1 238/363] ❌                                  | status=200
[W1][rodada-1 238/363] ❌                                  | status=200
  [W3][PX] PX: outro worker resolvendo — aguardando cookie...
  [W1][PX] PX: outro worker resolvendo — aguardando cookie...
  [W2][PX] PX: mouse.up
  [W2][PX] PX: resolvido (botão removido)
  [W3][PX] PX: cookie atualizado pelo outro worker, tentando fetch direto
  [W1][PX] PX: cookie atualizado pelo outro worker, tentando fetch direto
[W3][rodada-1 240/363] ✅                                  | R$ 17.74
[W3][rodada-1 241/363] ✅                                  | R$ 53.32
[W2][rodada-1 242/363] ❌                                  | status=200
  [W3][PX] PX challenge: hold 12000ms em (684, 461) [tentativa 1/3]
  [W2][PX] PX: outro worker resolvendo — aguardando cookie...
[W1][rodada-1 243/363] ❌                                  | status=200
  [W1][PX] PX: outro worker resolvendo — aguardando cookie...
  [W3][PX] PX: mouse.up
  [W3][PX] PX: resolvido (botão removido)
  [W2][PX] PX: cookie atualizado pelo outro worker, tentando fetch direto
  [W1][PX] PX: cookie atualizado pelo outro worker, tentando fetch direto
[W3][rodada-1 244/363] ❌                                  | status=200
[W3][rodada-1 245/363] ❌                                  | status=200
[W3][rodada-1 246/363] ✅                                  | R$ 59.99
  [W3][PX] PX challenge: hold 12000ms em (684, 461) [tentativa 1/3]
[W1][rodada-1 247/363] ❌                                  | status=200
[W2][rodada-1 247/363] ❌                                  | status=200
  [W2][PX] PX: outro worker resolvendo — aguardando cookie...
  [W1][PX] PX: outro worker resolvendo — aguardando cookie...
  [W3][PX] PX: mouse.up
  [W3][PX] PX: resolvido (botão removido)
  [W2][PX] PX: cookie atualizado pelo outro worker, tentando fetch direto
  [W1][PX] PX: cookie atualizado pelo outro worker, tentando fetch direto
[W3][rodada-1 249/363] ✅                                  | R$ 94.99
[W3][rodada-1 250/363] ✅                                  | R$ 129.99
  [W3][PX] PX challenge: hold 12000ms em (684, 461) [tentativa 1/3]
[W1][rodada-1 251/363] ❌                                  | status=200
[W2][rodada-1 251/363] ❌                                  | status=200
  [W1][PX] PX: outro worker resolvendo — aguardando cookie...
  [W2][PX] PX: outro worker resolvendo — aguardando cookie...
  [W3][PX] PX: mouse.up
  [W3][PX] PX: resolvido (botão removido)
  [W1][PX] PX: cookie atualizado pelo outro worker, tentando fetch direto
  [W2][PX] PX: cookie atualizado pelo outro worker, tentando fetch direto
[W3][rodada-1 253/363] ✅                                  | R$ 77.69
[W2][rodada-1 253/363] ✅                                  | R$ 16.99
[W2][rodada-1 255/363] ✅                                  | R$ 62.69
[W1][rodada-1 255/363] ❌                                  | status=200
[W3][rodada-1 257/363] ✅                                  | R$ 39.47
  [W2][PX] PX: outro worker resolvendo — aguardando cookie...
  [W3][PX] PX: outro worker resolvendo — aguardando cookie...
  [W1][PX] PX challenge: hold 12000ms em (684, 461) [tentativa 1/3]
  [W1][PX] PX: mouse.up
  [W1][PX] PX: resolvido (botão removido)
  [W2][PX] PX: cookie atualizado pelo outro worker, tentando fetch direto
  [W3][PX] PX: cookie atualizado pelo outro worker, tentando fetch direto
[W2][rodada-1 258/363] ✅                                  | R$ 19.90
[W1][rodada-1 258/363] ✅                                  | R$ 48.19
[W2][rodada-1 260/363] ❌                                  | status=200
[W1][rodada-1 260/363] ✅                                  | R$ 30.59
[W1][rodada-1 262/363] ✅                                  | R$ 20.74
[W2][rodada-1 262/363] ❌                                  | status=200
  [W2][PX] PX: outro worker resolvendo — aguardando cookie...
  [W1][PX] PX challenge: hold 12000ms em (684, 461) [tentativa 1/3]
[W3][rodada-1 264/363] ❌                                  | status=200
  [W3][PX] PX: outro worker resolvendo — aguardando cookie...
  [W1][PX] PX: mouse.up
  [W1][PX] PX: resolvido (botão removido)
  [W2][PX] PX: cookie atualizado pelo outro worker, tentando fetch direto
  [W3][PX] PX: cookie atualizado pelo outro worker, tentando fetch direto
[W3][rodada-1 265/363] ✅                                  | R$ 22.99
[W1][rodada-1 265/363] ✅                                  | R$ 86.09
[W2][rodada-1 265/363] ✅                                  | R$ 12.19
[W1][rodada-1 268/363] ✅                                  | R$ 6.79
[W3][rodada-1 268/363] ✅                                  | R$ 35.24
[W2][rodada-1 270/363] ✅                                  | R$ 8.51
  [W1][PX] PX: outro worker resolvendo — aguardando cookie...
  [W3][PX] PX: outro worker resolvendo — aguardando cookie...
  [W2][PX] PX challenge: hold 12000ms em (684, 461) [tentativa 1/3]
  [W2][PX] PX: mouse.up
  [W2][PX] PX: resolvido (botão removido)
  [W1][PX] PX: cookie atualizado pelo outro worker, tentando fetch direto
  [W3][PX] PX: cookie atualizado pelo outro worker, tentando fetch direto
[W3][rodada-1 271/363] ❌                                  | status=403
[W3][rodada-1 272/363] ✅                                  | R$ 12.29
  [W3][PX] PX challenge: hold 12000ms em (684, 461) [tentativa 1/3]
[W2][rodada-1 273/363] ❌                                  | status=403
  [W2][PX] PX: outro worker resolvendo — aguardando cookie...
[W1][rodada-1 274/363] ❌                                  | status=403
  [W1][PX] PX: outro worker resolvendo — aguardando cookie...
  [W3][PX] PX: mouse.up
  [W3][PX] PX: resolvido (botão removido)
  [W2][PX] PX: cookie atualizado pelo outro worker, tentando fetch direto
  [W1][PX] PX: cookie atualizado pelo outro worker, tentando fetch direto
[W1][rodada-1 275/363] ❌                                  | status=403
[W3][rodada-1 275/363] ❌                                  | status=403
[W2][rodada-1 275/363] ❌                                  | status=403
  [W2][PX] PX: outro worker resolvendo — aguardando cookie...
  [W3][PX] PX challenge: hold 12000ms em (684, 461) [tentativa 1/3]
  [W1][PX] PX: outro worker resolvendo — aguardando cookie...
  [W3][PX] PX: mouse.up
  [W3][PX] PX: resolvido (botão removido)
  [W2][PX] PX: cookie atualizado pelo outro worker, tentando fetch direto
  [W1][PX] PX: cookie atualizado pelo outro worker, tentando fetch direto
[W1][rodada-1 278/363] ❌                                  | status=403
[W3][rodada-1 279/363] ❌                                  | status=403
  [W3][PX] PX: outro worker resolvendo — aguardando cookie...
  [W1][PX] PX challenge: hold 12000ms em (684, 461) [tentativa 1/3]
[W2][rodada-1 280/363] ❌                                  | status=403
  [W2][PX] PX: outro worker resolvendo — aguardando cookie...
  [W1][PX] PX: mouse.up
  [W1][PX] PX: resolvido (botão removido)
  [W3][PX] PX: cookie atualizado pelo outro worker, tentando fetch direto
  [W2][PX] PX: cookie atualizado pelo outro worker, tentando fetch direto
[W2][rodada-1 281/363] ✅                                  | R$ 84.99
[W3][rodada-1 281/363] ✅                                  | R$ 11.84
  [W3][PX] PX: outro worker resolvendo — aguardando cookie...
  [W2][PX] PX challenge: hold 12000ms em (684, 461) [tentativa 1/3]
[W1][rodada-1 283/363] ❌                                  | status=403
  [W1][PX] PX: outro worker resolvendo — aguardando cookie...
  [W2][PX] PX: mouse.up
  [W2][PX] PX: resolvido (botão removido)
  [W3][PX] PX: cookie atualizado pelo outro worker, tentando fetch direto
  [W1][PX] PX: cookie atualizado pelo outro worker, tentando fetch direto
[W2][rodada-1 284/363] ✅                                  | R$ 14.49
[W2][rodada-1 285/363] ✅                                  | R$ 22.59
  [W2][PX] PX challenge: hold 12000ms em (684, 461) [tentativa 1/3]
[W1][rodada-1 286/363] ❌                                  | status=200
[W3][rodada-1 286/363] ❌                                  | status=200
  [W3][PX] PX: outro worker resolvendo — aguardando cookie...
  [W1][PX] PX: outro worker resolvendo — aguardando cookie...
  [W2][PX] PX: mouse.up
  [W2][PX] PX: resolvido (botão removido)
  [W3][PX] PX: cookie atualizado pelo outro worker, tentando fetch direto
  [W1][PX] PX: cookie atualizado pelo outro worker, tentando fetch direto
[W3][rodada-1 288/363] ✅                                  | R$ 59.99
[W2][rodada-1 288/363] ✅                                  | R$ 34.59
[W2][rodada-1 290/363] ✅                                  | R$ 97.99
[W3][rodada-1 290/363] ✅                                  | R$ 62.99
[W2][rodada-1 292/363] ❌                                  | status=200
  [W3][PX] PX challenge: hold 12000ms em (684, 461) [tentativa 1/3]
  [W2][PX] PX: outro worker resolvendo — aguardando cookie...
[W1][rodada-1 293/363] ❌                                  | status=200
  [W1][PX] PX: outro worker resolvendo — aguardando cookie...
  [W3][PX] PX: mouse.up
  [W3][PX] PX: resolvido (botão removido)
  [W2][PX] PX: cookie atualizado pelo outro worker, tentando fetch direto
  [W1][PX] PX: cookie atualizado pelo outro worker, tentando fetch direto
[W3][rodada-1 294/363] ❌                                  | status=403
  [W3][PX] PX challenge: hold 12000ms em (684, 461) [tentativa 1/3]
[W1][rodada-1 295/363] ❌                                  | status=403
[W2][rodada-1 295/363] ❌                                  | status=403
  [W1][PX] PX: outro worker resolvendo — aguardando cookie...
  [W2][PX] PX: outro worker resolvendo — aguardando cookie...
  [W3][PX] PX: mouse.up
  [W3][PX] PX: resolvido (botão removido)
  [W1][PX] PX: cookie atualizado pelo outro worker, tentando fetch direto
  [W2][PX] PX: cookie atualizado pelo outro worker, tentando fetch direto
[W3][rodada-1 297/363] ❌                                  | status=403
  [W3][PX] PX challenge: hold 12000ms em (684, 461) [tentativa 1/3]
[W2][rodada-1 298/363] ❌                                  | status=403
[W1][rodada-1 298/363] ❌                                  | status=403
  [W2][PX] PX: outro worker resolvendo — aguardando cookie...
  [W1][PX] PX: outro worker resolvendo — aguardando cookie...
  [W3][PX] PX: mouse.up
  [W3][PX] PX: resolvido (botão removido)
  [W2][PX] PX: cookie atualizado pelo outro worker, tentando fetch direto
  [W1][PX] PX: cookie atualizado pelo outro worker, tentando fetch direto
[W2][rodada-1 300/363] ✅                                  | R$ 88.99
[W3][rodada-1 300/363] ✅                                  | R$ 23.99
[W1][rodada-1 300/363] ✅                                  | R$ 31.59
[W2][rodada-1 303/363] ✅                                  | R$ 30.59
[W1][rodada-1 303/363] ✅                                  | R$ 61.99
[W3][rodada-1 303/363] ✅                                  | R$ 31.57
  [W1][PX] PX: outro worker resolvendo — aguardando cookie...
  [W3][PX] PX: outro worker resolvendo — aguardando cookie...
  [W2][PX] PX challenge: hold 12000ms em (684, 461) [tentativa 1/3]
  [W2][PX] PX: mouse.up
  [W2][PX] PX: resolvido (botão removido)
  [W1][PX] PX: cookie atualizado pelo outro worker, tentando fetch direto
  [W3][PX] PX: cookie atualizado pelo outro worker, tentando fetch direto
[W1][rodada-1 306/363] ✅                                  | R$ 30.90
[W3][rodada-1 306/363] ✅                                  | R$ 52.59
[W2][rodada-1 306/363] ✅                                  | R$ 12.07
[W1][rodada-1 309/363] ❌                                  | status=200
[W2][rodada-1 310/363] ✅                                  | R$ 32.99
[W3][rodada-1 310/363] ❌                                  | status=200
[W1][rodada-1 311/363] ✅                                  | R$ 42.99
  [W2][PX] PX: outro worker resolvendo — aguardando cookie...
  [W1][PX] PX: outro worker resolvendo — aguardando cookie...
  [W3][PX] PX challenge: hold 12000ms em (684, 461) [tentativa 1/3]
  [W3][PX] PX: mouse.up
  [W3][PX] PX: modal ainda presente após todas as tentativas
  [W2][PX] PX: cookie atualizado pelo outro worker, tentando fetch direto
  [W1][PX] PX: cookie atualizado pelo outro worker, tentando fetch direto
[W3][rodada-1 313/363] ❌                                  | status=403
  [W3][PX] PX challenge: hold 12000ms em (684, 461) [tentativa 1/3]
[W1][rodada-1 314/363] ❌                                  | status=403
[W2][rodada-1 314/363] ❌                                  | status=403
  [W1][PX] PX: outro worker resolvendo — aguardando cookie...
  [W2][PX] PX: outro worker resolvendo — aguardando cookie...
  [W3][PX] PX: mouse.up
  [W3][PX] PX: resolvido (botão removido)
  [W1][PX] PX: cookie atualizado pelo outro worker, tentando fetch direto
  [W2][PX] PX: cookie atualizado pelo outro worker, tentando fetch direto
[W1][rodada-1 316/363] ✅                                  | R$ 97.99
[W1][rodada-1 317/363] ❌                                  | status=200
  [W1][PX] PX challenge: hold 12000ms em (684, 461) [tentativa 1/3]
[W3][rodada-1 318/363] ❌                                  | status=403
  [W3][PX] PX: outro worker resolvendo — aguardando cookie...
[W2][rodada-1 319/363] ❌                                  | status=200
  [W2][PX] PX: outro worker resolvendo — aguardando cookie...
  [W1][PX] PX: mouse.up
  [W1][PX] PX: resolvido (botão removido)
  [W3][PX] PX: cookie atualizado pelo outro worker, tentando fetch direto
  [W2][PX] PX: cookie atualizado pelo outro worker, tentando fetch direto
[W1][rodada-1 320/363] ✅                                  | R$ 21.60
[W2][rodada-1 321/363] ❌                                  | status=200
[W1][rodada-1 322/363] ✅                                  | R$ 28.69
[W2][rodada-1 323/363] ❌                                  | status=200
  [W2][PX] PX: outro worker resolvendo — aguardando cookie...
  [W1][PX] PX challenge: hold 12000ms em (684, 461) [tentativa 1/3]
[W3][rodada-1 324/363] ❌                                  | status=200
  [W3][PX] PX: outro worker resolvendo — aguardando cookie...
  [W1][PX] PX: mouse.up
  [W1][PX] PX: resolvido (botão removido)
  [W2][PX] PX: cookie atualizado pelo outro worker, tentando fetch direto
  [W3][PX] PX: cookie atualizado pelo outro worker, tentando fetch direto
[W2][rodada-1 325/363] ❌                                  | status=403
[W3][rodada-1 326/363] ❌                                  | status=403
[W1][rodada-1 326/363] ❌                                  | status=403
  [W2][PX] PX: outro worker resolvendo — aguardando cookie...
  [W1][PX] PX: outro worker resolvendo — aguardando cookie...
  [W3][PX] PX challenge: hold 12000ms em (684, 461) [tentativa 1/3]
  [W3][PX] PX: mouse.up
  [W3][PX] PX: resolvido (botão removido)
  [W2][PX] PX: cookie atualizado pelo outro worker, tentando fetch direto
  [W1][PX] PX: cookie atualizado pelo outro worker, tentando fetch direto
[W1][rodada-1 328/363] ✅                                  | R$ 12.37
[W2][rodada-1 328/363] ✅                                  | R$ 35.59
[W1][rodada-1 330/363] ✅                                  | R$ 69.99
[W3][rodada-1 330/363] ❌                                  | status=200
[W2][rodada-1 332/363] ✅                                  | R$ 79.99
  [W1][PX] PX: outro worker resolvendo — aguardando cookie...
  [W2][PX] PX: outro worker resolvendo — aguardando cookie...
  [W3][PX] PX challenge: hold 12000ms em (684, 461) [tentativa 1/3]
  [W3][PX] PX: mouse.up
  [W3][PX] PX: resolvido (botão removido)
  [W1][PX] PX: cookie atualizado pelo outro worker, tentando fetch direto
  [W2][PX] PX: cookie atualizado pelo outro worker, tentando fetch direto
[W2][rodada-1 333/363] ✅                                  | R$ 18.59
[W1][rodada-1 333/363] ✅                                  | R$ 6.65
[W3][rodada-1 333/363] ✅                                  | R$ 89.47
[W3][rodada-1 336/363] ❌                                  | status=200
[W2][rodada-1 337/363] ✅                                  | R$ 56.72
[W3][rodada-1 338/363] ✅                                  | R$ 82.99
[W1][rodada-1 338/363] ✅                                  | R$ 68.59
  [W1][PX] PX: outro worker resolvendo — aguardando cookie...
  [W2][PX] PX: outro worker resolvendo — aguardando cookie...
  [W3][PX] PX challenge: hold 12000ms em (684, 461) [tentativa 1/3]
  [W3][PX] PX: mouse.up
  [W3][PX] PX: resolvido (botão removido)
  [W1][PX] PX: cookie atualizado pelo outro worker, tentando fetch direto
  [W2][PX] PX: cookie atualizado pelo outro worker, tentando fetch direto
[W2][rodada-1 340/363] ✅                                  | R$ 21.69
[W1][rodada-1 340/363] ✅                                  | R$ 44.94
[W3][rodada-1 342/363] ❌                                  | status=200
[W1][rodada-1 342/363] ❌                                  | status=200
[W2][rodada-1 344/363] ✅                                  | R$ 102.99
  [W1][PX] PX: outro worker resolvendo — aguardando cookie...
  [W2][PX] PX: outro worker resolvendo — aguardando cookie...
  [W3][PX] PX challenge: hold 12000ms em (684, 461) [tentativa 1/3]
  [W3][PX] PX: mouse.up
  [W3][PX] PX: resolvido (botão removido)
  [W1][PX] PX: cookie atualizado pelo outro worker, tentando fetch direto
  [W2][PX] PX: cookie atualizado pelo outro worker, tentando fetch direto
[W3][rodada-1 345/363] ❌                                  | status=403
[W1][rodada-1 345/363] ❌                                  | status=403
  [W1][PX] PX: outro worker resolvendo — aguardando cookie...
  [W3][PX] PX challenge: hold 12000ms em (684, 461) [tentativa 1/3]
[W2][rodada-1 347/363] ❌                                  | status=403
  [W2][PX] PX: outro worker resolvendo — aguardando cookie...
  [W3][PX] PX: mouse.up
  [W3][PX] PX: resolvido (botão removido)
  [W1][PX] PX: cookie atualizado pelo outro worker, tentando fetch direto
  [W2][PX] PX: cookie atualizado pelo outro worker, tentando fetch direto
[W3][rodada-1 348/363] ❌                                  | status=403
  [W3][PX] PX challenge: hold 12000ms em (684, 461) [tentativa 1/3]
[W1][rodada-1 349/363] ❌                                  | status=403
[W2][rodada-1 349/363] ❌                                  | status=403
  [W1][PX] PX: outro worker resolvendo — aguardando cookie...
  [W2][PX] PX: outro worker resolvendo — aguardando cookie...
  [W3][PX] PX: mouse.up
  [W3][PX] PX: resolvido (botão removido)
  [W1][PX] PX: cookie atualizado pelo outro worker, tentando fetch direto
  [W2][PX] PX: cookie atualizado pelo outro worker, tentando fetch direto
[W3][rodada-1 351/363] ✅                                  | R$ 48.80
[W2][rodada-1 351/363] ✅                                  | R$ 59.99
[W2][rodada-1 353/363] ❌                                  | status=200
[W3][rodada-1 353/363] ✅                                  | R$ 24.59
  [W3][PX] PX: outro worker resolvendo — aguardando cookie...
  [W2][PX] PX challenge: hold 12000ms em (684, 461) [tentativa 1/3]
[W1][rodada-1 355/363] ❌                                  | status=200
  [W1][PX] PX: outro worker resolvendo — aguardando cookie...
  [W2][PX] PX: mouse.up
  [W2][PX] PX: resolvido (botão removido)
  [W3][PX] PX: cookie atualizado pelo outro worker, tentando fetch direto
  [W1][PX] PX: cookie atualizado pelo outro worker, tentando fetch direto
[W3][rodada-1 356/363] ✅                                  | R$ 24.59
[W2][rodada-1 356/363] ✅                                  | R$ 18.89
[W2][rodada-1 358/363] ✅                                  | R$ 37.24
[W3][rodada-1 359/363] ✅                                  | R$ 28.99
[W2][rodada-1 359/363] ✅                                  | R$ 44.99
  [W3][PX] PX: outro worker resolvendo — aguardando cookie...
  [W2][PX] PX challenge: hold 12000ms em (684, 461) [tentativa 1/3]
[W1][rodada-1 361/363] ❌                                  | status=200
  [W1][PX] PX: outro worker resolvendo — aguardando cookie...
  [W2][PX] PX: mouse.up
  [W2][PX] PX: resolvido (botão removido)
  [W3][PX] PX: cookie atualizado pelo outro worker, tentando fetch direto
  [W1][PX] PX: cookie atualizado pelo outro worker, tentando fetch direto
[W3][rodada-1 362/363] ✅                                  | R$ 71.99
[W1][rodada-1 362/363] ✅                                  | R$ 18.81
[W2][rodada-1 362/363] ✅                                  | R$ 19.49
[W3][rodada-1 363/363] ❌                                  | status=200

[batch] rodada-1 concluída: ✅ 194 | ❌ 169 | total 363/363

[batch] Retry automático: 169 itens que falharam...
  [W2][PX] PX: outro worker resolvendo — aguardando cookie...
  [W3][PX] PX: outro worker resolvendo — aguardando cookie...
  [W1][PX] PX challenge: hold 12000ms em (684, 461) [tentativa 1/3]
  [W1][PX] PX: mouse.up
  [W1][PX] PX: resolvido (botão removido)
  [W2][PX] PX: cookie atualizado pelo outro worker, tentando fetch direto
  [W3][PX] PX: cookie atualizado pelo outro worker, tentando fetch direto
[W1][retry 3/169] ❌                                  | status=403
  [W1][PX] PX challenge: hold 12000ms em (684, 461) [tentativa 1/3]
[W2][retry 4/169] ❌                                  | status=403
[W3][retry 4/169] ❌                                  | status=403
  [W2][PX] PX: outro worker resolvendo — aguardando cookie...
  [W3][PX] PX: outro worker resolvendo — aguardando cookie...
  [W1][PX] PX: mouse.up
  [W1][PX] PX: resolvido (botão removido)
  [W2][PX] PX: cookie atualizado pelo outro worker, tentando fetch direto
  [W3][PX] PX: cookie atualizado pelo outro worker, tentando fetch direto
[W2][retry 6/169] ❌                                  | status=200
[W2][retry 7/169] ❌                                  | status=200
[W2][retry 8/169] ❌                                  | status=200
[W1][retry 9/169] ❌                                  | status=200
  [W2][PX] PX challenge: hold 12000ms em (684, 461) [tentativa 1/3]
  [W1][PX] PX: outro worker resolvendo — aguardando cookie...
[W3][retry 10/169] ❌                                  | status=200
  [W3][PX] PX: outro worker resolvendo — aguardando cookie...
  [W2][PX] PX: mouse.up
  [W2][PX] PX: resolvido (botão removido)
  [W1][PX] PX: cookie atualizado pelo outro worker, tentando fetch direto
  [W3][PX] PX: cookie atualizado pelo outro worker, tentando fetch direto
[W3][retry 11/169] ❌                                  | status=200
[W3][retry 12/169] ❌                                  | status=200
[W3][retry 13/169] ❌                                  | status=200
  [W3][PX] PX challenge: hold 12000ms em (684, 461) [tentativa 1/3]
[W2][retry 14/169] ❌                                  | status=200
  [W2][PX] PX: outro worker resolvendo — aguardando cookie...
[W1][retry 15/169] ❌                                  | status=200
  [W1][PX] PX: outro worker resolvendo — aguardando cookie...
  [W3][PX] PX: mouse.up
  [W3][PX] PX: resolvido (botão removido)
  [W2][PX] PX: cookie atualizado pelo outro worker, tentando fetch direto
  [W1][PX] PX: cookie atualizado pelo outro worker, tentando fetch direto
[W1][retry 16/169] ✅                                  | R$ 28.09
[W1][retry 17/169] ❌                                  | status=200
[W3][retry 18/169] ❌                                  | status=200
  [W3][PX] PX: outro worker resolvendo — aguardando cookie...
  [W1][PX] PX challenge: hold 12000ms em (684, 461) [tentativa 1/3]
[W2][retry 19/169] ❌                                  | status=200
  [W2][PX] PX: outro worker resolvendo — aguardando cookie...
  [W1][PX] PX: mouse.up
  [W1][PX] PX: resolvido (botão removido)
  [W3][PX] PX: cookie atualizado pelo outro worker, tentando fetch direto
  [W2][PX] PX: cookie atualizado pelo outro worker, tentando fetch direto
[W1][retry 20/169] ✅                                  | R$ 60.86
[W3][retry 20/169] ✅                                  | R$ 25.76
[W2][retry 22/169] ❌                                  | status=200
[W1][retry 22/169] ❌                                  | status=200
[W3][retry 24/169] ❌                                  | status=200
[W2][retry 24/169] ❌                                  | status=200
[W1][retry 25/169] ❌                                  | status=200
  [W2][PX] PX: outro worker resolvendo — aguardando cookie...
  [W1][PX] PX: outro worker resolvendo — aguardando cookie...
  [W3][PX] PX challenge: hold 12000ms em (684, 461) [tentativa 1/3]
  [W3][PX] PX: mouse.up
  [W3][PX] PX: resolvido (botão removido)
  [W2][PX] PX: cookie atualizado pelo outro worker, tentando fetch direto
  [W1][PX] PX: cookie atualizado pelo outro worker, tentando fetch direto
[W2][retry 27/169] ❌                                  | status=403
[W3][retry 28/169] ❌                                  | status=403
  [W3][PX] PX: outro worker resolvendo — aguardando cookie...
  [W2][PX] PX challenge: hold 12000ms em (684, 461) [tentativa 1/3]
[W1][retry 29/169] ❌                                  | status=403
  [W1][PX] PX: outro worker resolvendo — aguardando cookie...
  [W2][PX] PX: mouse.up
  [W2][PX] PX: resolvido (botão removido)
  [W3][PX] PX: cookie atualizado pelo outro worker, tentando fetch direto
  [W1][PX] PX: cookie atualizado pelo outro worker, tentando fetch direto
[W1][retry 30/169] ✅                                  | R$ 42.44
[W3][retry 31/169] ❌                                  | status=200
[W1][retry 32/169] ❌                                  | status=200
[W2][retry 32/169] ❌                                  | status=200
[W3][retry 34/169] ✅                                  | R$ 55.99
[W1][retry 35/169] ❌                                  | status=200
  [W3][PX] PX: outro worker resolvendo — aguardando cookie...
  [W1][PX] PX: outro worker resolvendo — aguardando cookie...
  [W2][PX] PX challenge: hold 12000ms em (684, 461) [tentativa 1/3]
  [W2][PX] PX: mouse.up
  [W2][PX] PX: resolvido (botão removido)
  [W3][PX] PX: cookie atualizado pelo outro worker, tentando fetch direto
  [W1][PX] PX: cookie atualizado pelo outro worker, tentando fetch direto
[W2][retry 36/169] ❌                                  | status=403
  [W2][PX] PX challenge: hold 12000ms em (684, 461) [tentativa 1/3]
[W3][retry 37/169] ❌                                  | status=403
[W1][retry 37/169] ❌                                  | status=403
  [W1][PX] PX: outro worker resolvendo — aguardando cookie...
  [W3][PX] PX: outro worker resolvendo — aguardando cookie...
  [W2][PX] PX: mouse.up
  [W2][PX] PX: resolvido (botão removido)
  [W1][PX] PX: cookie atualizado pelo outro worker, tentando fetch direto
  [W3][PX] PX: cookie atualizado pelo outro worker, tentando fetch direto
[W1][retry 39/169] ✅                                  | R$ 17.28
[W1][retry 40/169] ❌                                  | status=200
  [W1][PX] PX challenge: hold 12000ms em (684, 461) [tentativa 1/3]
[W3][retry 41/169] ❌                                  | status=200
[W2][retry 41/169] ❌                                  | status=403
  [W3][PX] PX: outro worker resolvendo — aguardando cookie...
  [W2][PX] PX: outro worker resolvendo — aguardando cookie...
  [W1][PX] PX: mouse.up
  [W1][PX] PX: resolvido (botão removido)
  [W3][PX] PX: cookie atualizado pelo outro worker, tentando fetch direto
  [W2][PX] PX: cookie atualizado pelo outro worker, tentando fetch direto
[W1][retry 43/169] ❌                                  | status=403
  [W1][PX] PX challenge: hold 12000ms em (684, 461) [tentativa 1/3]
[W3][retry 44/169] ❌                                  | status=403
[W2][retry 44/169] ❌                                  | status=403
  [W3][PX] PX: outro worker resolvendo — aguardando cookie...
  [W2][PX] PX: outro worker resolvendo — aguardando cookie...
  [W1][PX] PX: mouse.up
  [W1][PX] PX: resolvido (botão removido)
  [W3][PX] PX: cookie atualizado pelo outro worker, tentando fetch direto
  [W2][PX] PX: cookie atualizado pelo outro worker, tentando fetch direto
[W1][retry 46/169] ✅                                  | R$ 40.99
[W1][retry 47/169] ❌                                  | status=200
[W3][retry 47/169] ❌                                  | status=200
[W1][retry 49/169] ❌                                  | status=200
  [W1][PX] PX: outro worker resolvendo — aguardando cookie...
  [W3][PX] PX challenge: hold 12000ms em (684, 461) [tentativa 1/3]
[W2][retry 50/169] ❌                                  | status=200
  [W2][PX] PX: outro worker resolvendo — aguardando cookie...
  [W3][PX] PX: mouse.up
  [W3][PX] PX: resolvido (botão removido)
  [W1][PX] PX: cookie atualizado pelo outro worker, tentando fetch direto
  [W2][PX] PX: cookie atualizado pelo outro worker, tentando fetch direto
[W3][retry 51/169] ✅                                  | R$ 69.99
[W2][retry 52/169] ✅                                  | R$ 22.93
[W3][retry 53/169] ❌                                  | status=200
[W2][retry 54/169] ❌                                  | status=200
  [W2][PX] PX: outro worker resolvendo — aguardando cookie...
  [W3][PX] PX challenge: hold 12000ms em (684, 461) [tentativa 1/3]
[W1][retry 55/169] ❌                                  | status=200
  [W1][PX] PX: outro worker resolvendo — aguardando cookie...
  [W3][PX] PX: mouse.up
  [W3][PX] PX: resolvido (botão removido)
  [W2][PX] PX: cookie atualizado pelo outro worker, tentando fetch direto
  [W1][PX] PX: cookie atualizado pelo outro worker, tentando fetch direto
[W1][retry 56/169] ✅                                  | R$ 65.59
[W2][retry 56/169] ✅                                  | R$ 28.99
[W3][retry 58/169] ❌                                  | status=200
[W2][retry 59/169] ❌                                  | status=200
[W1][retry 59/169] ✅                                  | R$ 14.59
[W1][retry 61/169] ✅                                  | R$ 36.59
  [W2][PX] PX: outro worker resolvendo — aguardando cookie...
  [W1][PX] PX: outro worker resolvendo — aguardando cookie...
  [W3][PX] PX challenge: hold 12000ms em (684, 461) [tentativa 1/3]
  [W3][PX] PX: mouse.up
  [W3][PX] PX: resolvido (botão removido)
  [W2][PX] PX: cookie atualizado pelo outro worker, tentando fetch direto
  [W1][PX] PX: cookie atualizado pelo outro worker, tentando fetch direto
[W3][retry 62/169] ❌                                  | status=200
[W3][retry 63/169] ❌                                  | status=200
  [W3][PX] PX challenge: hold 12000ms em (684, 461) [tentativa 1/3]
[W2][retry 64/169] ❌                                  | status=200
[W1][retry 64/169] ❌                                  | status=200
  [W2][PX] PX: outro worker resolvendo — aguardando cookie...
  [W1][PX] PX: outro worker resolvendo — aguardando cookie...
  [W3][PX] PX: mouse.up
  [W3][PX] PX: resolvido (botão removido)
  [W2][PX] PX: cookie atualizado pelo outro worker, tentando fetch direto
  [W1][PX] PX: cookie atualizado pelo outro worker, tentando fetch direto
[W3][retry 66/169] ✅                                  | R$ 4.99
[W3][retry 67/169] ❌                                  | status=200
[W1][retry 67/169] ❌                                  | status=200
[W3][retry 69/169] ✅                                  | R$ 38.46
  [W1][PX] PX challenge: hold 12000ms em (684, 461) [tentativa 1/3]
  [W3][PX] PX: outro worker resolvendo — aguardando cookie...
[W2][retry 70/169] ❌                                  | status=200
  [W2][PX] PX: outro worker resolvendo — aguardando cookie...
  [W1][PX] PX: mouse.up
  [W1][PX] PX: resolvido (botão removido)
  [W3][PX] PX: cookie atualizado pelo outro worker, tentando fetch direto
  [W2][PX] PX: cookie atualizado pelo outro worker, tentando fetch direto
[W3][retry 71/169] ❌                                  | status=200
[W3][retry 72/169] ❌                                  | status=200
[W3][retry 73/169] ❌                                  | status=200
  [W3][PX] PX challenge: hold 12000ms em (684, 461) [tentativa 1/3]
[W1][retry 74/169] ❌                                  | status=403
  [W1][PX] PX: outro worker resolvendo — aguardando cookie...
[W2][retry 75/169] ❌                                  | status=200
  [W2][PX] PX: outro worker resolvendo — aguardando cookie...
  [W3][PX] PX: mouse.up
  [W3][PX] PX: resolvido (botão removido)
  [W1][PX] PX: cookie atualizado pelo outro worker, tentando fetch direto
  [W2][PX] PX: cookie atualizado pelo outro worker, tentando fetch direto
[W1][retry 76/169] ✅                                  | R$ 17.59
[W2][retry 77/169] ❌                                  | status=200
[W1][retry 77/169] ❌                                  | status=200
[W3][retry 77/169] ❌                                  | status=200
[W1][retry 80/169] ✅                                  | R$ 40.99
  [W2][PX] PX: outro worker resolvendo — aguardando cookie...
  [W1][PX] PX: outro worker resolvendo — aguardando cookie...
  [W3][PX] PX challenge: hold 12000ms em (684, 461) [tentativa 1/3]
  [W3][PX] PX: mouse.up
  [W3][PX] PX: resolvido (botão removido)
  [W2][PX] PX: cookie atualizado pelo outro worker, tentando fetch direto
  [W1][PX] PX: cookie atualizado pelo outro worker, tentando fetch direto
[W3][retry 81/169] ❌                                  | status=403
  [W3][PX] PX challenge: hold 12000ms em (684, 461) [tentativa 1/3]
[W2][retry 82/169] ❌                                  | status=403
[W1][retry 82/169] ❌                                  | status=403
  [W1][PX] PX: outro worker resolvendo — aguardando cookie...
  [W2][PX] PX: outro worker resolvendo — aguardando cookie...
  [W3][PX] PX: mouse.up
  [W3][PX] PX: resolvido (botão removido)
  [W1][PX] PX: cookie atualizado pelo outro worker, tentando fetch direto
  [W2][PX] PX: cookie atualizado pelo outro worker, tentando fetch direto
[W1][retry 84/169] ❌                                  | status=403
[W3][retry 85/169] ❌                                  | status=403
  [W1][PX] PX challenge: hold 12000ms em (684, 461) [tentativa 1/3]
  [W3][PX] PX: outro worker resolvendo — aguardando cookie...
[W2][retry 86/169] ❌                                  | status=403
  [W2][PX] PX: outro worker resolvendo — aguardando cookie...
  [W1][PX] PX: mouse.up
  [W1][PX] PX: resolvido (botão removido)
  [W3][PX] PX: cookie atualizado pelo outro worker, tentando fetch direto
  [W2][PX] PX: cookie atualizado pelo outro worker, tentando fetch direto
[W1][retry 87/169] ❌                                  | status=403
  [W1][PX] PX challenge: hold 12000ms em (684, 461) [tentativa 1/3]
[W3][retry 88/169] ❌                                  | status=403
[W2][retry 88/169] ❌                                  | status=403
  [W3][PX] PX: outro worker resolvendo — aguardando cookie...
  [W2][PX] PX: outro worker resolvendo — aguardando cookie...
  [W1][PX] PX: mouse.up
  [W1][PX] PX: resolvido (botão removido)
  [W3][PX] PX: cookie atualizado pelo outro worker, tentando fetch direto
  [W2][PX] PX: cookie atualizado pelo outro worker, tentando fetch direto
[W3][retry 90/169] ❌                                  | status=200
[W1][retry 90/169] ❌                                  | status=200
[W1][retry 92/169] ❌                                  | status=200
[W3][retry 92/169] ❌                                  | status=200
[W1][retry 94/169] ❌                                  | status=200
[W3][retry 94/169] ❌                                  | status=200
  [W3][PX] PX: outro worker resolvendo — aguardando cookie...
  [W1][PX] PX challenge: hold 12000ms em (684, 461) [tentativa 1/3]
[W2][retry 96/169] ❌                                  | status=200
  [W2][PX] PX: outro worker resolvendo — aguardando cookie...
  [W1][PX] PX: mouse.up
  [W1][PX] PX: resolvido (botão removido)
  [W3][PX] PX: cookie atualizado pelo outro worker, tentando fetch direto
  [W2][PX] PX: cookie atualizado pelo outro worker, tentando fetch direto
[W1][retry 97/169] ❌                                  | status=200
[W1][retry 98/169] ❌                                  | status=200
  [W1][PX] PX challenge: hold 12000ms em (684, 461) [tentativa 1/3]
[W3][retry 99/169] ❌                                  | status=200
[W2][retry 99/169] ❌                                  | status=200
  [W3][PX] PX: outro worker resolvendo — aguardando cookie...
  [W2][PX] PX: outro worker resolvendo — aguardando cookie...
  [W1][PX] PX: mouse.up
  [W1][PX] PX: resolvido (botão removido)
  [W3][PX] PX: cookie atualizado pelo outro worker, tentando fetch direto
  [W2][PX] PX: cookie atualizado pelo outro worker, tentando fetch direto
[W1][retry 101/169] ❌                                  | status=403
  [W1][PX] PX challenge: hold 12000ms em (684, 461) [tentativa 1/3]
[W3][retry 102/169] ❌                                  | status=403
[W2][retry 102/169] ❌                                  | status=403
  [W3][PX] PX: outro worker resolvendo — aguardando cookie...
  [W2][PX] PX: outro worker resolvendo — aguardando cookie...
  [W1][PX] PX: mouse.up
  [W1][PX] PX: resolvido (botão removido)
  [W3][PX] PX: cookie atualizado pelo outro worker, tentando fetch direto
  [W2][PX] PX: cookie atualizado pelo outro worker, tentando fetch direto
[W1][retry 104/169] ❌                                  | status=200
[W1][retry 105/169] ❌                                  | status=200
[W1][retry 106/169] ❌                                  | status=200
  [W1][PX] PX challenge: hold 12000ms em (684, 461) [tentativa 1/3]
[W3][retry 107/169] ❌                                  | status=200
[W2][retry 107/169] ❌                                  | status=200
  [W2][PX] PX: outro worker resolvendo — aguardando cookie...
  [W3][PX] PX: outro worker resolvendo — aguardando cookie...
  [W1][PX] PX: mouse.up
  [W1][PX] PX: resolvido (botão removido)
  [W2][PX] PX: cookie atualizado pelo outro worker, tentando fetch direto
  [W3][PX] PX: cookie atualizado pelo outro worker, tentando fetch direto
[W1][retry 109/169] ❌                                  | status=200
  [W1][PX] PX challenge: hold 12000ms em (684, 461) [tentativa 1/3]
[W2][retry 110/169] ❌                                  | status=200
[W3][retry 110/169] ❌                                  | status=200
  [W3][PX] PX: outro worker resolvendo — aguardando cookie...
  [W2][PX] PX: outro worker resolvendo — aguardando cookie...
  [W1][PX] PX: mouse.up
  [W1][PX] PX: resolvido (botão removido)
  [W3][PX] PX: cookie atualizado pelo outro worker, tentando fetch direto
  [W2][PX] PX: cookie atualizado pelo outro worker, tentando fetch direto
[W1][retry 112/169] ❌                                  | status=200
  [W1][PX] PX challenge: hold 12000ms em (684, 461) [tentativa 1/3]
[W3][retry 113/169] ❌                                  | status=200
[W2][retry 113/169] ❌                                  | status=200
  [W3][PX] PX: outro worker resolvendo — aguardando cookie...
  [W2][PX] PX: outro worker resolvendo — aguardando cookie...
  [W1][PX] PX: mouse.up
  [W1][PX] PX: resolvido (botão removido)
  [W3][PX] PX: cookie atualizado pelo outro worker, tentando fetch direto
  [W2][PX] PX: cookie atualizado pelo outro worker, tentando fetch direto
[W1][retry 115/169] ❌                                  | status=403
  [W1][PX] PX challenge: hold 12000ms em (684, 461) [tentativa 1/3]
[W3][retry 116/169] ❌                                  | status=403
[W2][retry 116/169] ❌                                  | status=403
  [W3][PX] PX: outro worker resolvendo — aguardando cookie...
  [W2][PX] PX: outro worker resolvendo — aguardando cookie...
  [W1][PX] PX: mouse.up
  [W1][PX] PX: resolvido (botão removido)
  [W3][PX] PX: cookie atualizado pelo outro worker, tentando fetch direto
  [W2][PX] PX: cookie atualizado pelo outro worker, tentando fetch direto
[W3][retry 118/169] ❌                                  | status=200
[W3][retry 119/169] ❌                                  | status=200
[W1][retry 120/169] ❌                                  | status=200
  [W3][PX] PX challenge: hold 12000ms em (684, 461) [tentativa 1/3]
  [W1][PX] PX: outro worker resolvendo — aguardando cookie...
[W2][retry 121/169] ❌                                  | status=200
  [W2][PX] PX: outro worker resolvendo — aguardando cookie...
  [W3][PX] PX: mouse.up
  [W3][PX] PX: resolvido (botão removido)
  [W1][PX] PX: cookie atualizado pelo outro worker, tentando fetch direto
  [W2][PX] PX: cookie atualizado pelo outro worker, tentando fetch direto
[W2][retry 122/169] ❌                                  | status=200
[W3][retry 122/169] ❌                                  | status=200
[W3][retry 124/169] ✅                                  | R$ 33.04
[W2][retry 124/169] ✅                                  | R$ 49.99
[W3][retry 126/169] ❌                                  | status=200
[W2][retry 127/169] ✅                                  | R$ 301.99
  [W2][PX] PX: outro worker resolvendo — aguardando cookie...
  [W3][PX] PX challenge: hold 12000ms em (684, 461) [tentativa 1/3]
[W1][retry 128/169] ❌                                  | status=200
  [W1][PX] PX: outro worker resolvendo — aguardando cookie...
  [W3][PX] PX: mouse.up
  [W3][PX] PX: resolvido (botão removido)
  [W2][PX] PX: cookie atualizado pelo outro worker, tentando fetch direto
  [W1][PX] PX: cookie atualizado pelo outro worker, tentando fetch direto
[W3][retry 129/169] ✅                                  | R$ 38.24
[W2][retry 129/169] ✅                                  | R$ 48.99
[W1][retry 131/169] ❌                                  | status=200
[W3][retry 132/169] ✅                                  | R$ 29.05
[W2][retry 132/169] ❌                                  | status=200
[W1][retry 134/169] ❌                                  | status=200
  [W2][PX] PX: outro worker resolvendo — aguardando cookie...
  [W1][PX] PX: outro worker resolvendo — aguardando cookie...
  [W3][PX] PX challenge: hold 12000ms em (684, 461) [tentativa 1/3]
  [W3][PX] PX: mouse.up
  [W3][PX] PX: resolvido (botão removido)
  [W2][PX] PX: cookie atualizado pelo outro worker, tentando fetch direto
  [W1][PX] PX: cookie atualizado pelo outro worker, tentando fetch direto
[W3][retry 135/169] ❌                                  | status=200
  [W3][PX] PX challenge: hold 12000ms em (684, 461) [tentativa 1/3]
[W1][retry 136/169] ❌                                  | status=200
[W2][retry 136/169] ❌                                  | status=200
  [W2][PX] PX: outro worker resolvendo — aguardando cookie...
  [W1][PX] PX: outro worker resolvendo — aguardando cookie...
  [W3][PX] PX: mouse.up
  [W3][PX] PX: resolvido (botão removido)
  [W2][PX] PX: cookie atualizado pelo outro worker, tentando fetch direto
  [W1][PX] PX: cookie atualizado pelo outro worker, tentando fetch direto
[W3][retry 138/169] ✅                                  | R$ 56.99
[W1][retry 138/169] ✅                                  | R$ 55.99
[W2][retry 138/169] ✅                                  | R$ 110.59
[W1][retry 141/169] ✅                                  | R$ 43.59
[W3][retry 142/169] ✅                                  | R$ 19.40
  [W1][PX] PX: outro worker resolvendo — aguardando cookie...
  [W3][PX] PX: outro worker resolvendo — aguardando cookie...
  [W2][PX] PX challenge: hold 12000ms em (684, 461) [tentativa 1/3]
  [W2][PX] PX: mouse.up
  [W2][PX] PX: resolvido (botão removido)
  [W1][PX] PX: cookie atualizado pelo outro worker, tentando fetch direto
  [W3][PX] PX: cookie atualizado pelo outro worker, tentando fetch direto
[W2][retry 143/169] ✅                                  | R$ 89.90
[W2][retry 144/169] ✅                                  | R$ 51.99
  [W2][PX] PX challenge: hold 12000ms em (684, 461) [tentativa 1/3]
[W3][retry 145/169] ❌                                  | status=200
[W1][retry 145/169] ❌                                  | status=200
  [W3][PX] PX: outro worker resolvendo — aguardando cookie...
  [W1][PX] PX: outro worker resolvendo — aguardando cookie...
  [W2][PX] PX: mouse.up
  [W2][PX] PX: resolvido (botão removido)
  [W3][PX] PX: cookie atualizado pelo outro worker, tentando fetch direto
  [W1][PX] PX: cookie atualizado pelo outro worker, tentando fetch direto
[W3][retry 147/169] ✅                                  | R$ 79.59
[W2][retry 147/169] ✅                                  | R$ 32.14
[W3][retry 149/169] ❌                                  | status=200
[W2][retry 150/169] ❌                                  | status=200
  [W3][PX] PX: outro worker resolvendo — aguardando cookie...
  [W2][PX] PX challenge: hold 12000ms em (684, 461) [tentativa 1/3]
[W1][retry 151/169] ❌                                  | status=200
  [W1][PX] PX: outro worker resolvendo — aguardando cookie...
  [W2][PX] PX: mouse.up
  [W2][PX] PX: resolvido (botão removido)
  [W3][PX] PX: cookie atualizado pelo outro worker, tentando fetch direto
  [W1][PX] PX: cookie atualizado pelo outro worker, tentando fetch direto
[W2][retry 152/169] ❌                                  | status=200
[W2][retry 153/169] ❌                                  | status=200
[W2][retry 154/169] ❌                                  | status=200
  [W2][PX] PX challenge: hold 12000ms em (684, 461) [tentativa 1/3]
[W3][retry 155/169] ❌                                  | status=200
[W1][retry 155/169] ❌                                  | status=200
  [W1][PX] PX: outro worker resolvendo — aguardando cookie...
  [W3][PX] PX: outro worker resolvendo — aguardando cookie...
  [W2][PX] PX: mouse.up
  [W2][PX] PX: resolvido (botão removido)
  [W1][PX] PX: cookie atualizado pelo outro worker, tentando fetch direto
  [W3][PX] PX: cookie atualizado pelo outro worker, tentando fetch direto
[W2][retry 157/169] ✅                                  | R$ 41.90
[W2][retry 158/169] ❌                                  | status=200
[W2][retry 159/169] ❌                                  | status=200
  [W2][PX] PX challenge: hold 12000ms em (684, 461) [tentativa 1/3]
[W3][retry 160/169] ❌                                  | status=200
[W1][retry 160/169] ❌                                  | status=200
  [W1][PX] PX: outro worker resolvendo — aguardando cookie...
  [W3][PX] PX: outro worker resolvendo — aguardando cookie...
  [W2][PX] PX: mouse.up
  [W2][PX] PX: resolvido (botão removido)
  [W1][PX] PX: cookie atualizado pelo outro worker, tentando fetch direto
  [W3][PX] PX: cookie atualizado pelo outro worker, tentando fetch direto
[W2][retry 162/169] ❌                                  | status=403
  [W2][PX] PX challenge: hold 12000ms em (684, 461) [tentativa 1/3]
[W3][retry 163/169] ❌                                  | status=403
[W1][retry 163/169] ❌                                  | status=403
  [W3][PX] PX: outro worker resolvendo — aguardando cookie...
  [W1][PX] PX: outro worker resolvendo — aguardando cookie...
  [W2][PX] PX: mouse.up
  [W2][PX] PX: resolvido (botão removido)
  [W3][PX] PX: cookie atualizado pelo outro worker, tentando fetch direto
  [W1][PX] PX: cookie atualizado pelo outro worker, tentando fetch direto
[W1][retry 165/169] ✅                                  | R$ 49.98
[W3][retry 165/169] ✅                                  | R$ 13.59
[W2][retry 167/169] ❌                                  | status=200
[W3][retry 167/169] ❌                                  | status=200
[W1][retry 169/169] ❌                                  | status=200
  [W3][PX] PX: outro worker resolvendo — aguardando cookie...
  [W2][PX] PX challenge: hold 12000ms em (684, 461) [tentativa 1/3]
  [W2][PX] PX: mouse.up
  [W2][PX] PX: resolvido (botão removido)
  [W3][PX] PX: cookie atualizado pelo outro worker, tentando fetch direto
[W2][retry 169/169] ❌                                  | status=403
[W3][retry 169/169] ❌                                  | status=403

[batch] retry concluída: ✅ 35 | ❌ 134 | total 169/169

[batch] 134 itens salvos em /tmp/px-batch-failed.json para análise
        Re-execute com --retry-only para tentar novamente

[batch] Total enriquecidos: 635
[batch] Fazendo merge com products_output.json...
[batch] Merge: 635/999 produtos com preço → /Users/alvaromachadoferreira/workspace/crawler-test-v2/data/products_output_enriched.json
